INFO    : Building target web
INFO    : XSL conversion of C:\Users\sklka\Desktop\physicalsc\source\main.ptx by C:\Users\sklka\.ptx\2.33.0\core\xsl\utilities\pretext-enhanced-source.xsl
INFO    : successful application of C:\Users\sklka\.ptx\2.33.0\core\xsl\utilities\pretext-enhanced-source.xsl
INFO    : Generating any needed assets.
INFO    : Finished generating assets.

INFO    : Preparing to build into C:\Users\sklka\Desktop\physicalsc\output\web.
WARNING : Node.js must be installed to build CSS files.  Please install node.js and npm.
 Will try to use prebuilt CSS files instead.
WARNING : Cannot find npm.  Will try to use prebuilt CSS files instead.
WARNING : Unable to install npm packages to build css files.  Non-default CSS themes require node.js and npm to be installed.  See https://pretextbook.org/doc/guide/html/node-and-npm.html
WARNING : 
INFO    : discovering source file's directory name: C:\Users\sklka\Desktop\physicalsc\source
INFO    : verifying and expanding input directory: C:\Users\sklka\Desktop\physicalsc\source\../generated-assets
INFO    : input directory expanded to absolute path: C:\Users\sklka\Desktop\physicalsc\generated-assets
INFO    : verifying and expanding input directory: C:\Users\sklka\Desktop\physicalsc\source\../assets
INFO    : input directory expanded to absolute path: C:\Users\sklka\Desktop\physicalsc\assets
INFO    : XSL conversion of C:\Users\sklka\Desktop\physicalsc\source\main.ptx by C:\Users\sklka\.ptx\2.33.0\core\xsl\utilities\report-publisher-variables.xsl
INFO    : successful application of C:\Users\sklka\.ptx\2.33.0\core\xsl\utilities\report-publisher-variables.xsl
INFO    : Downloading rs services file from https://runestone.academy/cdn/runestone/latest/webpack_static_imports.xml.
INFO    : Runestone Services via online CDN query: version 7.11.0
INFO    : Downloading Runestone Services, version 7.11.0
INFO    : Extracting Runestone Services from archive file
INFO    : Node.js not available. Relying on prebuilt default-modern.
INFO    : Using prebuilt CSS theme: default-modern with options: {'options': {'primary-color': '#195684', 'secondary-color': '#932c1c'}, 'contrast-checks': {'primary-color': '#fff', 'secondary-color': '#fff', 'primary-color-dark': '#23241f'}}
INFO    : converting C:\Users\sklka\Desktop\physicalsc\source\main.ptx to HTML in C:\Users\sklka\AppData\Local\Temp\ptx-x1z0qook
INFO    : XSL conversion of C:\Users\sklka\Desktop\physicalsc\source\main.ptx by C:\Users\sklka\.ptx\2.33.0\core\xsl\pretext-html.xsl
INFO    : messages from the log for XSL processing:
INFO    : * PTX:INFO:   checking all deprecated elements.
ERROR   : * PTX:ERROR:   a cross-reference ("xref") uses references [sec_eighth-intro] that do not point to any target, or perhaps point to multiple targets.  Maybe you typed an @xml:id value wrong, maybe the target of the @xml:id is nonexistent, or maybe you temporarily removed the target from your source, or maybe an auxiliary file contains a duplicate.  Your output will contain some placeholder text that you will not want to distribute to your readers.
INFO    : *              located within: "sec_fourth-examples" (xml:id), "Examples" (title)
ERROR   : * PTX:ERROR:   a cross-reference ("xref") uses references [sec_eighth-intro] that do not point to any target, or perhaps point to multiple targets.  Maybe you typed an @xml:id value wrong, maybe the target of the @xml:id is nonexistent, or maybe you temporarily removed the target from your source, or maybe an auxiliary file contains a duplicate.  Your output will contain some placeholder text that you will not want to distribute to your readers.
INFO    : successful application of C:\Users\sklka\.ptx\2.33.0\core\xsl\pretext-html.xsl
INFO    : Removing temporary directory C:\Users\sklka\AppData\Local\Temp\ptx-x1z0qook
INFO    : Removing temporary directory C:\Users\sklka\AppData\Local\Temp\ptx-7shvo7ts
INFO    : 
Finished build for target web. Run `pretext view web` to see the results.

CRITICAL: There were errors during the build.  See above.
INFO    : ------------------------
CRITICAL: Failed to build without errors.  Exiting...
INFO    : 
----------------------------------------------------
INFO    : While running pretext, the following errors occurred:

INFO    : (see log messages above or in the 'logs' folder for more information)
INFO    : ----------------------------------------------------
