INFO    : Building target web
INFO    : XSL conversion of C:\Users\sklka\Desktop\physicalsc\source\main.ptx by C:\Users\sklka\.ptx\2.33.0\core\xsl\utilities\pretext-enhanced-source.xsl
INFO    : successful application of C:\Users\sklka\.ptx\2.33.0\core\xsl\utilities\pretext-enhanced-source.xsl
INFO    : Generating any needed assets.
INFO    : Finished generating assets.

INFO    : Preparing to build into C:\Users\sklka\Desktop\physicalsc\output\web.
WARNING : Node.js must be installed to build CSS files.  Please install node.js and npm.
 Will try to use prebuilt CSS files instead.
WARNING : Cannot find npm.  Will try to use prebuilt CSS files instead.
WARNING : Unable to install npm packages to build css files.  Non-default CSS themes require node.js and npm to be installed.  See https://pretextbook.org/doc/guide/html/node-and-npm.html
WARNING : 
INFO    : discovering source file's directory name: C:\Users\sklka\Desktop\physicalsc\source
INFO    : verifying and expanding input directory: C:\Users\sklka\Desktop\physicalsc\source\../generated-assets
INFO    : input directory expanded to absolute path: C:\Users\sklka\Desktop\physicalsc\generated-assets
INFO    : verifying and expanding input directory: C:\Users\sklka\Desktop\physicalsc\source\../assets
INFO    : input directory expanded to absolute path: C:\Users\sklka\Desktop\physicalsc\assets
INFO    : XSL conversion of C:\Users\sklka\Desktop\physicalsc\source\main.ptx by C:\Users\sklka\.ptx\2.33.0\core\xsl\utilities\report-publisher-variables.xsl
INFO    : successful application of C:\Users\sklka\.ptx\2.33.0\core\xsl\utilities\report-publisher-variables.xsl
INFO    : Downloading rs services file from https://runestone.academy/cdn/runestone/latest/webpack_static_imports.xml.
INFO    : Runestone Services via online CDN query: version 7.11.0
INFO    : Downloading Runestone Services, version 7.11.0
INFO    : Extracting Runestone Services from archive file
INFO    : Node.js not available. Relying on prebuilt default-modern.
INFO    : Using prebuilt CSS theme: default-modern with options: {'options': {'primary-color': '#195684', 'secondary-color': '#932c1c'}, 'contrast-checks': {'primary-color': '#fff', 'secondary-color': '#fff', 'primary-color-dark': '#23241f'}}
INFO    : converting C:\Users\sklka\Desktop\physicalsc\source\main.ptx to HTML in C:\Users\sklka\AppData\Local\Temp\ptx-a96zerdk
INFO    : XSL conversion of C:\Users\sklka\Desktop\physicalsc\source\main.ptx by C:\Users\sklka\.ptx\2.33.0\core\xsl\pretext-html.xsl
INFO    : messages from the log for XSL processing:
INFO    : * PTX:INFO:   checking all deprecated elements.
INFO    : successful application of C:\Users\sklka\.ptx\2.33.0\core\xsl\pretext-html.xsl
INFO    : Removing temporary directory C:\Users\sklka\AppData\Local\Temp\ptx-a96zerdk
INFO    : Removing temporary directory C:\Users\sklka\AppData\Local\Temp\ptx-ch62j_0h
INFO    : 
Finished build for target web. Run `pretext view web` to see the results.

INFO    : 
Success!  Built requested target(s) without errors.

INFO    : 
